DEBUG:urllib3.connectionpool:Starting new HTTPS connection (1): collectionapi.metmuseum.org:443
DEBUG:urllib3.connectionpool:https://collectionapi.metmuseum.org:443 "GET /public/collection/v1/objects/1 HTTP/1.1" 200 None
DEBUG:urllib3.connectionpool:Starting new HTTPS connection (1): collectionapi.metmuseum.org:443
DEBUG:urllib3.connectionpool:https://collectionapi.metmuseum.org:443 "GET /public/collection/v1/objects/1 HTTP/1.1" 200 None
DEBUG:urllib3.connectionpool:Starting new HTTPS connection (1): collectionapi.metmuseum.org:443
DEBUG:urllib3.connectionpool:https://collectionapi.metmuseum.org:443 "GET /public/collection/v1/objects/1 HTTP/1.1" 200 None
DEBUG:urllib3.connectionpool:Starting new HTTPS connection (1): collectionapi.metmuseum.org:443
DEBUG:urllib3.connectionpool:https://collectionapi.metmuseum.org:443 "GET /public/collection/v1/objects/1 HTTP/1.1" 200 None
DEBUG:urllib3.connectionpool:Starting new HTTPS connection (1): collectionapi.metmuseum.org:443
DEBUG:urllib3.connectionpool:https://collectionapi.metmuseum.org:443 "GET /public/collection/v1/objects/1 HTTP/1.1" 200 None
DEBUG:urllib3.connectionpool:Starting new HTTPS connection (1): collectionapi.metmuseum.org:443
DEBUG:urllib3.connectionpool:https://collectionapi.metmuseum.org:443 "GET /public/collection/v1/objects/1 HTTP/1.1" 200 None
DEBUG:urllib3.connectionpool:Starting new HTTPS connection (1): collectionapi.metmuseum.org:443
DEBUG:urllib3.connectionpool:https://collectionapi.metmuseum.org:443 "GET /public/collection/v1/objects/1 HTTP/1.1" 200 None
DEBUG:urllib3.connectionpool:Starting new HTTPS connection (1): collectionapi.metmuseum.org:443
DEBUG:urllib3.connectionpool:https://collectionapi.metmuseum.org:443 "GET /public/collection/v1/objects/1 HTTP/1.1" 200 None
DEBUG:urllib3.connectionpool:Starting new HTTPS connection (1): collectionapi.metmuseum.org:443
DEBUG:urllib3.connectionpool:https://collectionapi.metmuseum.org:443 "GET /public/collection/v1/objects/1 HTTP/1.1" 200 None
DEBUG:urllib3.connectionpool:Starting new HTTPS connection (1): collectionapi.metmuseum.org:443
DEBUG:urllib3.connectionpool:https://collectionapi.metmuseum.org:443 "GET /public/collection/v1/objects/1 HTTP/1.1" 200 None
